// Jest Snapshot v1, https://goo.gl/fbAQLP

exports[`404 snapshot renders correclty 1`] = `
<div>
  <div
    class="container max-w-3xl px4 py10"
  >
    <header
      class="py-10"
    >
      <h3>
        <a
          href="/"
        >
          test
        </a>
      </h3>
    </header>
    <main>
      <h1>
        Not Found
      </h1>
      <p>
        You just hit a route that doesn't exist... the sadness.
      </p>
    </main>
    <footer
      class="py-10 text-center"
    >
      Â© 
      2021
      , Built with
       
      <a
        href="https://www.gatsbyjs.org"
      >
        Gatsby
      </a>
    </footer>
  </div>
</div>
`;
