// Jest Snapshot v1, https://goo.gl/fbAQLP

exports[`Post List snapshot renders correctly 1`] = `
Object {
  "asFragment": [Function],
  "baseElement": <body>
    <div>
      <div
        class="space-y-8"
      >
        <article
          class="p-4 flow-root rounded-sm shadow-md space-x-2"
        >
          <header>
            <h2>
              <a
                href="slug"
              >
                title
              </a>
            </h2>
            <span
              class="text-gray-500"
            >
              2021-01-01
            </span>
          </header>
          <section>
            <p>
              excerpt
            </p>
          </section>
        </article>
      </div>
    </div>
  </body>,
  "container": <div>
    <div
      class="space-y-8"
    >
      <article
        class="p-4 flow-root rounded-sm shadow-md space-x-2"
      >
        <header>
          <h2>
            <a
              href="slug"
            >
              title
            </a>
          </h2>
          <span
            class="text-gray-500"
          >
            2021-01-01
          </span>
        </header>
        <section>
          <p>
            excerpt
          </p>
        </section>
      </article>
    </div>
  </div>,
  "debug": [Function],
  "findAllByAltText": [Function],
  "findAllByDisplayValue": [Function],
  "findAllByLabelText": [Function],
  "findAllByPlaceholderText": [Function],
  "findAllByRole": [Function],
  "findAllByTestId": [Function],
  "findAllByText": [Function],
  "findAllByTitle": [Function],
  "findByAltText": [Function],
  "findByDisplayValue": [Function],
  "findByLabelText": [Function],
  "findByPlaceholderText": [Function],
  "findByRole": [Function],
  "findByTestId": [Function],
  "findByText": [Function],
  "findByTitle": [Function],
  "getAllByAltText": [Function],
  "getAllByDisplayValue": [Function],
  "getAllByLabelText": [Function],
  "getAllByPlaceholderText": [Function],
  "getAllByRole": [Function],
  "getAllByTestId": [Function],
  "getAllByText": [Function],
  "getAllByTitle": [Function],
  "getByAltText": [Function],
  "getByDisplayValue": [Function],
  "getByLabelText": [Function],
  "getByPlaceholderText": [Function],
  "getByRole": [Function],
  "getByTestId": [Function],
  "getByText": [Function],
  "getByTitle": [Function],
  "queryAllByAltText": [Function],
  "queryAllByDisplayValue": [Function],
  "queryAllByLabelText": [Function],
  "queryAllByPlaceholderText": [Function],
  "queryAllByRole": [Function],
  "queryAllByTestId": [Function],
  "queryAllByText": [Function],
  "queryAllByTitle": [Function],
  "queryByAltText": [Function],
  "queryByDisplayValue": [Function],
  "queryByLabelText": [Function],
  "queryByPlaceholderText": [Function],
  "queryByRole": [Function],
  "queryByTestId": [Function],
  "queryByText": [Function],
  "queryByTitle": [Function],
  "rerender": [Function],
  "unmount": [Function],
}
`;
